
> vercel-eod-trading@0.1.0 dev
> next dev

▲ Next.js 16.3.4 (Turbopack)
- Local:         http://localhost:3000
- Network:       http://192.168.0.130:3000
- Environments: .env.local
✓ Ready in 2.0s
✓ Running next.config.ts took 303ms

○ Compiling / ...
 GET / 200 in 5.7s (next.js: 4.9s, application-code: 790ms)
 GET /api/config 200 in 1350ms (next.js: 1278ms, application-code: 72ms)
 GET /api/config 200 in 12ms (next.js: 5ms, application-code: 8ms)
💾 계좌ID 저장 시작: 44291220-01
❌ Supabase 환경변수 누락: URL=false, Key=false
❌ Supabase 미연결: account_id 저장 불가
 POST /api/config 200 in 27ms (next.js: 4ms, application-code: 23ms)
 GET /api/config 200 in 18ms (next.js: 10ms, application-code: 8ms)
 GET /api/config 200 in 16ms (next.js: 9ms, application-code: 8ms)
 GET /api/config 200 in 25ms (next.js: 10ms, application-code: 16ms)
 GET /api/config 200 in 25ms (next.js: 12ms, application-code: 12ms)
 GET /api/config 200 in 12ms (next.js: 4ms, application-code: 8ms)
 GET /api/config 200 in 11ms (next.js: 4ms, application-code: 7ms)
 GET /api/config 200 in 15ms (next.js: 5ms, application-code: 10ms)
 GET /api/config 200 in 13ms (next.js: 5ms, application-code: 9ms)
 GET /api/config 200 in 8ms (next.js: 3ms, application-code: 4ms)
 GET /api/config 200 in 9ms (next.js: 3ms, application-code: 6ms)
 GET /api/config 200 in 12ms (next.js: 4ms, application-code: 8ms)
 GET /api/config 200 in 12ms (next.js: 4ms, application-code: 9ms)
 GET /api/config 200 in 8ms (next.js: 3ms, application-code: 5ms)
 GET /api/config 200 in 10ms (next.js: 3ms, application-code: 7ms)
 GET /api/config 200 in 14ms (next.js: 4ms, application-code: 10ms)
 GET /api/config 200 in 12ms (next.js: 4ms, application-code: 8ms)
 GET /api/config 200 in 8ms (next.js: 3ms, application-code: 4ms)
 GET /api/config 200 in 9ms (next.js: 4ms, application-code: 5ms)
 GET /api/config 200 in 13ms (next.js: 4ms, application-code: 8ms)
 GET /api/config 200 in 17ms (next.js: 7ms, application-code: 10ms)
 GET /api/config 200 in 9ms (next.js: 4ms, application-code: 5ms)
 GET /api/config 200 in 19ms (next.js: 6ms, application-code: 12ms)
 GET /api/config 200 in 13ms (next.js: 3ms, application-code: 10ms)
 GET /api/config 200 in 16ms (next.js: 6ms, application-code: 10ms)
 GET /api/config 200 in 12ms (next.js: 3ms, application-code: 8ms)
 GET /api/config 200 in 12ms (next.js: 3ms, application-code: 10ms)
 GET /api/config 200 in 8ms (next.js: 4ms, application-code: 5ms)
 GET /api/config 200 in 13ms (next.js: 5ms, application-code: 7ms)
 GET /api/config 200 in 11ms (next.js: 4ms, application-code: 7ms)
 GET /api/config 200 in 15ms (next.js: 5ms, application-code: 10ms)
 GET /api/config 200 in 9ms (next.js: 3ms, application-code: 6ms)
 GET /api/config 200 in 11ms (next.js: 3ms, application-code: 8ms)
 GET /api/config 200 in 11ms (next.js: 4ms, application-code: 7ms)
 GET /api/config 200 in 14ms (next.js: 5ms, application-code: 8ms)
 GET / 200 in 128ms (next.js: 52ms, application-code: 76ms)
 GET /api/config 200 in 11ms (next.js: 5ms, application-code: 6ms)
 GET /api/config 200 in 7ms (next.js: 3ms, application-code: 4ms)
 GET /api/config 200 in 20ms (next.js: 7ms, application-code: 13ms)
 GET /api/config 200 in 11ms (next.js: 3ms, application-code: 9ms)
 GET /api/config 200 in 13ms (next.js: 3ms, application-code: 9ms)
 GET /api/config 200 in 9ms (next.js: 3ms, application-code: 6ms)
 GET /api/config 200 in 14ms (next.js: 6ms, application-code: 9ms)
 GET /api/config 200 in 10ms (next.js: 5ms, application-code: 5ms)
 GET /api/config 200 in 15ms (next.js: 5ms, application-code: 11ms)
 GET /api/config 200 in 8ms (next.js: 3ms, application-code: 5ms)
 GET /api/config 200 in 10ms (next.js: 3ms, application-code: 7ms)
 GET /api/config 200 in 15ms (next.js: 4ms, application-code: 10ms)
 GET /api/config 200 in 11ms (next.js: 5ms, application-code: 7ms)
 GET /api/config 200 in 13ms (next.js: 4ms, application-code: 9ms)
 GET /api/config 200 in 20ms (next.js: 6ms, application-code: 13ms)
 GET /api/config 200 in 10ms (next.js: 3ms, application-code: 7ms)
 GET /api/config 200 in 8ms (next.js: 4ms, application-code: 4ms)
 GET /api/config 200 in 21ms (next.js: 13ms, application-code: 8ms)
 GET /api/config 200 in 8ms (next.js: 3ms, application-code: 6ms)
 GET /api/config 200 in 7ms (next.js: 2ms, application-code: 4ms)
 GET /api/config 200 in 18ms (next.js: 7ms, application-code: 10ms)
 GET /api/config 200 in 9ms (next.js: 3ms, application-code: 6ms)
 GET /api/config 200 in 14ms (next.js: 5ms, application-code: 9ms)
 GET /api/config 200 in 7ms (next.js: 3ms, application-code: 4ms)
 GET /api/config 200 in 11ms (next.js: 4ms, application-code: 7ms)
 GET /api/config 200 in 23ms (next.js: 13ms, application-code: 10ms)
 GET /api/config 200 in 18ms (next.js: 3ms, application-code: 15ms)
 GET /api/config 200 in 8ms (next.js: 3ms, application-code: 5ms)
 GET /api/config 200 in 9ms (next.js: 3ms, application-code: 6ms)
 GET /api/config 200 in 8ms (next.js: 3ms, application-code: 6ms)
 GET /api/config 200 in 20ms (next.js: 3ms, application-code: 17ms)
 GET /api/config 200 in 10ms (next.js: 4ms, application-code: 6ms)
 GET /api/config 200 in 14ms (next.js: 5ms, application-code: 9ms)
 GET /api/config 200 in 11ms (next.js: 4ms, application-code: 7ms)
 GET /api/config 200 in 17ms (next.js: 8ms, application-code: 9ms)
 GET /api/config 200 in 19ms (next.js: 11ms, application-code: 7ms)
 GET /api/config 200 in 17ms (next.js: 9ms, application-code: 8ms)
 GET /api/config 200 in 11ms (next.js: 4ms, application-code: 7ms)
 GET /api/config 200 in 10ms (next.js: 3ms, application-code: 6ms)
 GET /api/config 200 in 15ms (next.js: 6ms, application-code: 9ms)
 GET /api/config 200 in 16ms (next.js: 5ms, application-code: 11ms)
 GET /api/config 200 in 8ms (next.js: 3ms, application-code: 5ms)
 GET /api/config 200 in 8ms (next.js: 3ms, application-code: 5ms)
 GET /api/config 200 in 22ms (next.js: 5ms, application-code: 17ms)
 GET /api/config 200 in 8ms (next.js: 3ms, application-code: 5ms)
 GET /api/config 200 in 13ms (next.js: 5ms, application-code: 8ms)
 GET /api/config 200 in 8ms (next.js: 3ms, application-code: 5ms)
 GET /api/config 200 in 25ms (next.js: 10ms, application-code: 15ms)
 GET /api/config 200 in 8ms (next.js: 3ms, application-code: 5ms)
 GET /api/config 200 in 20ms (next.js: 13ms, application-code: 8ms)
 GET /api/config 200 in 10ms (next.js: 3ms, application-code: 7ms)
 GET /api/config 200 in 8ms (next.js: 2ms, application-code: 6ms)
 GET /api/config 200 in 19ms (next.js: 5ms, application-code: 13ms)
 GET /api/config 200 in 16ms (next.js: 6ms, application-code: 10ms)
 GET /api/config 200 in 17ms (next.js: 7ms, application-code: 10ms)
 GET /api/config 200 in 18ms (next.js: 7ms, application-code: 11ms)
 GET /api/config 200 in 20ms (next.js: 5ms, application-code: 15ms)
 GET /api/config 200 in 15ms (next.js: 5ms, application-code: 9ms)
 GET /api/config 200 in 11ms (next.js: 4ms, application-code: 7ms)
 GET /api/config 200 in 9ms (next.js: 3ms, application-code: 6ms)
 GET /api/config 200 in 12ms (next.js: 6ms, application-code: 6ms)
 GET /api/config 200 in 18ms (next.js: 10ms, application-code: 8ms)
 GET /api/config 200 in 10ms (next.js: 3ms, application-code: 7ms)
 GET /api/config 200 in 22ms (next.js: 10ms, application-code: 12ms)
 GET /api/config 200 in 46ms (next.js: 14ms, application-code: 32ms)
 GET /api/config 200 in 22ms (next.js: 14ms, application-code: 9ms)
 GET /api/config 200 in 14ms (next.js: 6ms, application-code: 8ms)
 GET /api/config 200 in 19ms (next.js: 6ms, application-code: 13ms)
 GET /api/config 200 in 15ms (next.js: 4ms, application-code: 11ms)
 GET /api/config 200 in 20ms (next.js: 7ms, application-code: 13ms)
 GET /api/config 200 in 7ms (next.js: 3ms, application-code: 5ms)
 GET /api/config 200 in 27ms (next.js: 9ms, application-code: 18ms)
 GET /api/config 200 in 10ms (next.js: 4ms, application-code: 6ms)
 GET /api/config 200 in 117ms (next.js: 57ms, application-code: 60ms)
 GET /api/config 200 in 10ms (next.js: 5ms, application-code: 5ms)
 GET /api/config 200 in 18ms (next.js: 7ms, application-code: 11ms)
 GET /api/config 200 in 11ms (next.js: 5ms, application-code: 6ms)
 GET /api/config 200 in 26ms (next.js: 15ms, application-code: 11ms)
 GET /api/config 200 in 16ms (next.js: 7ms, application-code: 9ms)
 GET /api/config 200 in 14ms (next.js: 6ms, application-code: 8ms)
 GET /api/config 200 in 14ms (next.js: 7ms, application-code: 7ms)
 GET /api/config 200 in 15ms (next.js: 8ms, application-code: 7ms)
 GET /api/config 200 in 13ms (next.js: 5ms, application-code: 8ms)
 GET /api/config 200 in 21ms (next.js: 8ms, application-code: 13ms)
  Reload env: .env.local
 GET / 200 in 473ms (next.js: 366ms, application-code: 107ms)
 GET /api/config 200 in 362ms (next.js: 270ms, application-code: 92ms)
 GET /api/config 200 in 15ms (next.js: 5ms, application-code: 9ms)
